Archive member included to satisfy reference by file (symbol)

/mnt/DATA-1/0Dev/MC-Dev/0-LESSONS/01/src/work4dak/stm32/HW 8/Core/Src/libSTM32CryptographicV3.0.0_CM4_GCC.a(crypto.o)
                              ./Core/Src/main.o (AES_XTS_Encrypt_Init)
/home/dim0k/st/stm32cubeide_1.19.0/plugins/com.st.stm32cube.ide.mcu.externaltools.gnu-tools-for-stm32.13.3.rel1.linux64_1.0.0.202410170706/tools/bin/../lib/gcc/arm-none-eabi/13.3.1/../../../../arm-none-eabi/lib/thumb/v7e-m/nofp/libc_nano.a(libc_a-exit.o)
                              /home/dim0k/st/stm32cubeide_1.19.0/plugins/com.st.stm32cube.ide.mcu.externaltools.gnu-tools-for-stm32.13.3.rel1.linux64_1.0.0.202410170706/tools/bin/../lib/gcc/arm-none-eabi/13.3.1/../../../../arm-none-eabi/lib/thumb/v7e-m/nofp/crt0.o (exit)
/home/dim0k/st/stm32cubeide_1.19.0/plugins/com.st.stm32cube.ide.mcu.externaltools.gnu-tools-for-stm32.13.3.rel1.linux64_1.0.0.202410170706/tools/bin/../lib/gcc/arm-none-eabi/13.3.1/../../../../arm-none-eabi/lib/thumb/v7e-m/nofp/libc_nano.a(libc_a-findfp.o)
                              /home/dim0k/st/stm32cubeide_1.19.0/plugins/com.st.stm32cube.ide.mcu.externaltools.gnu-tools-for-stm32.13.3.rel1.linux64_1.0.0.202410170706/tools/bin/../lib/gcc/arm-none-eabi/13.3.1/../../../../arm-none-eabi/lib/thumb/v7e-m/nofp/libc_nano.a(libc_a-exit.o) (__stdio_exit_handler)
/home/dim0k/st/stm32cubeide_1.19.0/plugins/com.st.stm32cube.ide.mcu.externaltools.gnu-tools-for-stm32.13.3.rel1.linux64_1.0.0.202410170706/tools/bin/../lib/gcc/arm-none-eabi/13.3.1/../../../../arm-none-eabi/lib/thumb/v7e-m/nofp/libc_nano.a(libc_a-fwalk.o)
                              /home/dim0k/st/stm32cubeide_1.19.0/plugins/com.st.stm32cube.ide.mcu.externaltools.gnu-tools-for-stm32.13.3.rel1.linux64_1.0.0.202410170706/tools/bin/../lib/gcc/arm-none-eabi/13.3.1/../../../../arm-none-eabi/lib/thumb/v7e-m/nofp/libc_nano.a(libc_a-findfp.o) (_fwalk_sglue)
/home/dim0k/st/stm32cubeide_1.19.0/plugins/com.st.stm32cube.ide.mcu.externaltools.gnu-tools-for-stm32.13.3.rel1.linux64_1.0.0.202410170706/tools/bin/../lib/gcc/arm-none-eabi/13.3.1/../../../../arm-none-eabi/lib/thumb/v7e-m/nofp/libc_nano.a(libc_a-stdio.o)
                              /home/dim0k/st/stm32cubeide_1.19.0/plugins/com.st.stm32cube.ide.mcu.externaltools.gnu-tools-for-stm32.13.3.rel1.linux64_1.0.0.202410170706/tools/bin/../lib/gcc/arm-none-eabi/13.3.1/../../../../arm-none-eabi/lib/thumb/v7e-m/nofp/libc_nano.a(libc_a-findfp.o) (__sread)
/home/dim0k/st/stm32cubeide_1.19.0/plugins/com.st.stm32cube.ide.mcu.externaltools.gnu-tools-for-stm32.13.3.rel1.linux64_1.0.0.202410170706/tools/bin/../lib/gcc/arm-none-eabi/13.3.1/../../../../arm-none-eabi/lib/thumb/v7e-m/nofp/libc_nano.a(libc_a-memmove.o)
                              /mnt/DATA-1/0Dev/MC-Dev/0-LESSONS/01/src/work4dak/stm32/HW 8/Core/Src/libSTM32CryptographicV3.0.0_CM4_GCC.a(crypto.o) (memmove)
/home/dim0k/st/stm32cubeide_1.19.0/plugins/com.st.stm32cube.ide.mcu.externaltools.gnu-tools-for-stm32.13.3.rel1.linux64_1.0.0.202410170706/tools/bin/../lib/gcc/arm-none-eabi/13.3.1/../../../../arm-none-eabi/lib/thumb/v7e-m/nofp/libc_nano.a(libc_a-memset.o)
                              /home/dim0k/st/stm32cubeide_1.19.0/plugins/com.st.stm32cube.ide.mcu.externaltools.gnu-tools-for-stm32.13.3.rel1.linux64_1.0.0.202410170706/tools/bin/../lib/gcc/arm-none-eabi/13.3.1/../../../../arm-none-eabi/lib/thumb/v7e-m/nofp/crt0.o (memset)
/home/dim0k/st/stm32cubeide_1.19.0/plugins/com.st.stm32cube.ide.mcu.externaltools.gnu-tools-for-stm32.13.3.rel1.linux64_1.0.0.202410170706/tools/bin/../lib/gcc/arm-none-eabi/13.3.1/../../../../arm-none-eabi/lib/thumb/v7e-m/nofp/libc_nano.a(libc_a-closer.o)
                              /home/dim0k/st/stm32cubeide_1.19.0/plugins/com.st.stm32cube.ide.mcu.externaltools.gnu-tools-for-stm32.13.3.rel1.linux64_1.0.0.202410170706/tools/bin/../lib/gcc/arm-none-eabi/13.3.1/../../../../arm-none-eabi/lib/thumb/v7e-m/nofp/libc_nano.a(libc_a-stdio.o) (_close_r)
/home/dim0k/st/stm32cubeide_1.19.0/plugins/com.st.stm32cube.ide.mcu.externaltools.gnu-tools-for-stm32.13.3.rel1.linux64_1.0.0.202410170706/tools/bin/../lib/gcc/arm-none-eabi/13.3.1/../../../../arm-none-eabi/lib/thumb/v7e-m/nofp/libc_nano.a(libc_a-reent.o)
                              /home/dim0k/st/stm32cubeide_1.19.0/plugins/com.st.stm32cube.ide.mcu.externaltools.gnu-tools-for-stm32.13.3.rel1.linux64_1.0.0.202410170706/tools/bin/../lib/gcc/arm-none-eabi/13.3.1/../../../../arm-none-eabi/lib/thumb/v7e-m/nofp/libc_nano.a(libc_a-closer.o) (errno)
/home/dim0k/st/stm32cubeide_1.19.0/plugins/com.st.stm32cube.ide.mcu.externaltools.gnu-tools-for-stm32.13.3.rel1.linux64_1.0.0.202410170706/tools/bin/../lib/gcc/arm-none-eabi/13.3.1/../../../../arm-none-eabi/lib/thumb/v7e-m/nofp/libc_nano.a(libc_a-impure.o)
[...]
Memory Configuration

Name             Origin             Length             Attributes
RAM              0x20000000         0x00020000         xrw
FLASH            0x08000000         0x00080000         xr
*default*        0x00000000         0xffffffff

Linker script and memory map

LOAD /home/dim0k/st/stm32cubeide_1.19.0/plugins/com.st.stm32cube.ide.mcu.externaltools.gnu-tools-for-stm32.13.3.rel1.linux64_1.0.0.202410170706/tools/bin/../lib/gcc/arm-none-eabi/13.3.1/thumb/v7e-m/nofp/crti.o
LOAD /home/dim0k/st/stm32cubeide_1.19.0/plugins/com.st.stm32cube.ide.mcu.externaltools.gnu-tools-for-stm32.13.3.rel1.linux64_1.0.0.202410170706/tools/bin/../lib/gcc/arm-none-eabi/13.3.1/thumb/v7e-m/nofp/crtbegin.o
LOAD /home/dim0k/st/stm32cubeide_1.19.0/plugins/com.st.stm32cube.ide.mcu.externaltools.gnu-tools-for-stm32.13.3.rel1.linux64_1.0.0.202410170706/tools/bin/../lib/gcc/arm-none-eabi/13.3.1/../../../../arm-none-eabi/lib/thumb/v7e-m/nofp/crt0.o
LOAD ./Core/Src/main.o
LOAD ./Core/Src/stm32f4xx_hal_msp.o
LOAD ./Core/Src/stm32f4xx_it.o
LOAD ./Core/Src/syscalls.o
LOAD ./Core/Src/sysmem.o
LOAD ./Core/Src/system_stm32f4xx.o
LOAD ./Core/Startup/startup_stm32f411retx.o
LOAD ./Drivers/STM32F4xx_HAL_Driver/Src/stm32f4xx_hal.o
LOAD ./Drivers/STM32F4xx_HAL_Driver/Src/stm32f4xx_hal_cortex.o
LOAD ./Drivers/STM32F4xx_HAL_Driver/Src/stm32f4xx_hal_dma.o
LOAD ./Drivers/STM32F4xx_HAL_Driver/Src/stm32f4xx_hal_dma_ex.o
LOAD ./Drivers/STM32F4xx_HAL_Driver/Src/stm32f4xx_hal_exti.o
LOAD ./Drivers/STM32F4xx_HAL_Driver/Src/stm32f4xx_hal_flash.o
LOAD ./Drivers/STM32F4xx_HAL_Driver/Src/stm32f4xx_hal_flash_ex.o
LOAD ./Drivers/STM32F4xx_HAL_Driver/Src/stm32f4xx_hal_flash_ramfunc.o
LOAD ./Drivers/STM32F4xx_HAL_Driver/Src/stm32f4xx_hal_gpio.o
LOAD ./Drivers/STM32F4xx_HAL_Driver/Src/stm32f4xx_hal_pwr.o
LOAD ./Drivers/STM32F4xx_HAL_Driver/Src/stm32f4xx_hal_pwr_ex.o
LOAD ./Drivers/STM32F4xx_HAL_Driver/Src/stm32f4xx_hal_rcc.o
LOAD ./Drivers/STM32F4xx_HAL_Driver/Src/stm32f4xx_hal_rcc_ex.o
LOAD ./Drivers/STM32F4xx_HAL_Driver/Src/stm32f4xx_hal_uart.o
LOAD /mnt/DATA-1/0Dev/MC-Dev/0-LESSONS/01/src/work4dak/stm32/HW 8/Core/Src/libSTM32CryptographicV3.0.0_CM4_GCC.a
START GROUP
LOAD /home/dim0k/st/stm32cubeide_1.19.0/plugins/com.st.stm32cube.ide.mcu.externaltools.gnu-tools-for-stm32.13.3.rel1.linux64_1.0.0.202410170706/tools/bin/../lib/gcc/arm-none-eabi/13.3.1/../../../../arm-none-eabi/lib/thumb/v7e-m/nofp/libc_nano.a
LOAD /home/dim0k/st/stm32cubeide_1.19.0/plugins/com.st.stm32cube.ide.mcu.externaltools.gnu-tools-for-stm32.13.3.rel1.linux64_1.0.0.202410170706/tools/bin/../lib/gcc/arm-none-eabi/13.3.1/../../../../arm-none-eabi/lib/thumb/v7e-m/nofp/libm.a
END GROUP
START GROUP
LOAD /home/dim0k/st/stm32cubeide_1.19.0/plugins/com.st.stm32cube.ide.mcu.externaltools.gnu-tools-for-stm32.13.3.rel1.linux64_1.0.0.202410170706/tools/bin/../lib/gcc/arm-none-eabi/13.3.1/thumb/v7e-m/nofp/libgcc.a
LOAD /home/dim0k/st/stm32cubeide_1.19.0/plugins/com.st.stm32cube.ide.mcu.externaltools.gnu-tools-for-stm32.13.3.rel1.linux64_1.0.0.202410170706/tools/bin/../lib/gcc/arm-none-eabi/13.3.1/../../../../arm-none-eabi/lib/thumb/v7e-m/nofp/libc_nano.a
END GROUP
START GROUP
LOAD /home/dim0k/st/stm32cubeide_1.19.0/plugins/com.st.stm32cube.ide.mcu.externaltools.gnu-tools-for-stm32.13.3.rel1.linux64_1.0.0.202410170706/tools/bin/../lib/gcc/arm-none-eabi/13.3.1/thumb/v7e-m/nofp/libgcc.a
LOAD /home/dim0k/st/stm32cubeide_1.19.0/plugins/com.st.stm32cube.ide.mcu.externaltools.gnu-tools-for-stm32.13.3.rel1.linux64_1.0.0.202410170706/tools/bin/../lib/gcc/arm-none-eabi/13.3.1/../../../../arm-none-eabi/lib/thumb/v7e-m/nofp/libc_nano.a
LOAD /home/dim0k/st/stm32cubeide_1.19.0/plugins/com.st.stm32cube.ide.mcu.externaltools.gnu-tools-for-stm32.13.3.rel1.linux64_1.0.0.202410170706/tools/bin/../lib/gcc/arm-none-eabi/13.3.1/../../../../arm-none-eabi/lib/thumb/v7e-m/nofp/libnosys.a
END GROUP
START GROUP
LOAD /home/dim0k/st/stm32cubeide_1.19.0/plugins/com.st.stm32cube.ide.mcu.externaltools.gnu-tools-for-stm32.13.3.rel1.linux64_1.0.0.202410170706/tools/bin/../lib/gcc/arm-none-eabi/13.3.1/thumb/v7e-m/nofp/libgcc.a
LOAD /home/dim0k/st/stm32cubeide_1.19.0/plugins/com.st.stm32cube.ide.mcu.externaltools.gnu-tools-for-stm32.13.3.rel1.linux64_1.0.0.202410170706/tools/bin/../lib/gcc/arm-none-eabi/13.3.1/../../../../arm-none-eabi/lib/thumb/v7e-m/nofp/libc_nano.a
LOAD /home/dim0k/st/stm32cubeide_1.19.0/plugins/com.st.stm32cube.ide.mcu.externaltools.gnu-tools-for-stm32.13.3.rel1.linux64_1.0.0.202410170706/tools/bin/../lib/gcc/arm-none-eabi/13.3.1/../../../../arm-none-eabi/lib/thumb/v7e-m/nofp/libnosys.a
END GROUP
LOAD /home/dim0k/st/stm32cubeide_1.19.0/plugins/com.st.stm32cube.ide.mcu.externaltools.gnu-tools-for-stm32.13.3.rel1.linux64_1.0.0.202410170706/tools/bin/../lib/gcc/arm-none-eabi/13.3.1/thumb/v7e-m/nofp/crtend.o
LOAD /home/dim0k/st/stm32cubeide_1.19.0/plugins/com.st.stm32cube.ide.mcu.externaltools.gnu-tools-for-stm32.13.3.rel1.linux64_1.0.0.202410170706/tools/bin/../lib/gcc/arm-none-eabi/13.3.1/thumb/v7e-m/nofp/crtn.o
                0x20020000                        _estack = (ORIGIN (RAM) + LENGTH (RAM))
                0x00000200                        _Min_Heap_Size = 0x200
                0x00000400                        _Min_Stack_Size = 0x400

.isr_vector     0x08000000      0x198
                0x08000000                        . = ALIGN (0x4)
 *(.isr_vector)
 .isr_vector    0x08000000      0x198 ./Core/Startup/startup_stm32f411retx.o
                0x08000000                g_pfnVectors
                0x08000198                        . = ALIGN (0x4)

.text           0x08000198     0x2c44
                0x08000198                        . = ALIGN (0x4)
 *(.text)
 .text          0x08000198       0x40 /home/dim0k/st/stm32cubeide_1.19.0/plugins/com.st.stm32cube.ide.mcu.externaltools.gnu-tools-for-stm32.13.3.rel1.linux64_1.0.0.202410170706/tools/bin/../lib/gcc/arm-none-eabi/13.3.1/thumb/v7e-m/nofp/crtbegin.o
 .text          0x080001d8       0x30 /home/dim0k/st/stm32cubeide_1.19.0/plugins/com.st.stm32cube.ide.mcu.externaltools.gnu-tools-for-stm32.13.3.rel1.linux64_1.0.0.202410170706/tools/bin/../lib/gcc/arm-none-eabi/13.3.1/thumb/v7e-m/nofp/libgcc.a(_aeabi_uldivmod.o)
                0x080001d8                __aeabi_uldivmod
 .text          0x08000208      0x2f8 /home/dim0k/st/stm32cubeide_1.19.0/plugins/com.st.stm32cube.ide.mcu.externaltools.gnu-tools-for-stm32.13.3.rel1.linux64_1.0.0.202410170706/tools/bin/../lib/gcc/arm-none-eabi/13.3.1/thumb/v7e-m/nofp/libgcc.a(_udivmoddi4.o)
                0x08000208                __udivmoddi4
 .text          0x08000500        0x4 /home/dim0k/st/stm32cubeide_1.19.0/plugins/com.st.stm32cube.ide.mcu.externaltools.gnu-tools-for-stm32.13.3.rel1.linux64_1.0.0.202410170706/tools/bin/../lib/gcc/arm-none-eabi/13.3.1/thumb/v7e-m/nofp/libgcc.a(_dvmd_tls.o)
                0x08000500                __aeabi_ldiv0
                0x08000500                __aeabi_idiv0
 *(.text*)
 .text.main     0x08000504       0xd8 ./Core/Src/main.o
                0x08000504                main
 .text.SystemClock_Config
                0x080005dc       0xd4 ./Core/Src/main.o
                0x080005dc                SystemClock_Config
 .text.MX_USART2_UART_Init
                0x080006b0       0x54 ./Core/Src/main.o
 .text.MX_GPIO_Init
                0x08000704       0xdc ./Core/Src/main.o
 .text.STM32_AES_XTS_Encrypt
                0x080007e0       0xec ./Core/Src/main.o
                0x080007e0                STM32_AES_XTS_Encrypt
 .text.STM32_AES_XTS_Decrypt
                0x080008cc       0xec ./Core/Src/main.o
                0x080008cc                STM32_AES_XTS_Decrypt
 .text.Buffercmp
                0x080009b8       0x42 ./Core/Src/main.o
                0x080009b8                Buffercmp
 *fill*         0x080009fa        0x2 
 .text.Led_Config
                0x080009fc       0x58 ./Core/Src/main.o
 .text.Led_Toggle
                0x08000a54       0x38 ./Core/Src/main.o
 .text.Error_Handler
                0x08000a8c       0x2c ./Core/Src/main.o
                0x08000a8c                Error_Handler
 .text.HAL_MspInit
                0x08000ab8       0x50 ./Core/Src/stm32f4xx_hal_msp.o
                0x08000ab8                HAL_MspInit
 .text.HAL_UART_MspInit
                0x08000b08       0x90 ./Core/Src/stm32f4xx_hal_msp.o
                0x08000b08                HAL_UART_MspInit
 .text.NMI_Handler
                0x08000b98        0x8 ./Core/Src/stm32f4xx_it.o
                0x08000b98                NMI_Handler
 .text.HardFault_Handler
                0x08000ba0        0x8 ./Core/Src/stm32f4xx_it.o
                0x08000ba0                HardFault_Handler
 .text.MemManage_Handler
                0x08000ba8        0x8 ./Core/Src/stm32f4xx_it.o
                0x08000ba8                MemManage_Handler
 .text.BusFault_Handler
                0x08000bb0        0x8 ./Core/Src/stm32f4xx_it.o
                0x08000bb0                BusFault_Handler
 .text.UsageFault_Handler
                0x08000bb8        0x8 ./Core/Src/stm32f4xx_it.o
                0x08000bb8                UsageFault_Handler
 .text.SVC_Handler
                0x08000bc0        0xc ./Core/Src/stm32f4xx_it.o
                0x08000bc0                SVC_Handler
 .text.DebugMon_Handler
                0x08000bcc        0xc ./Core/Src/stm32f4xx_it.o
                0x08000bcc                DebugMon_Handler
 .text.PendSV_Handler
                0x08000bd8        0xc ./Core/Src/stm32f4xx_it.o
                0x08000bd8                PendSV_Handler
 .text.SysTick_Handler
                0x08000be4        0xc ./Core/Src/stm32f4xx_it.o
                0x08000be4                SysTick_Handler
 .text.SystemInit
                0x08000bf0        0xc ./Core/Src/system_stm32f4xx.o
                0x08000bf0                SystemInit
 .text.Reset_Handler
                0x08000bfc       0x50 ./Core/Startup/startup_stm32f411retx.o
                0x08000bfc                Reset_Handler
 .text.Default_Handler
                0x08000c4c        0x2 ./Core/Startup/startup_stm32f411retx.o
                0x08000c4c                RTC_Alarm_IRQHandler
                0x08000c4c                EXTI2_IRQHandler
                0x08000c4c                SPI4_IRQHandler
                0x08000c4c                TIM1_CC_IRQHandler
                0x08000c4c                DMA2_Stream5_IRQHandler
                0x08000c4c                DMA1_Stream5_IRQHandler
                0x08000c4c                PVD_IRQHandler
                0x08000c4c                SDIO_IRQHandler
                0x08000c4c                TAMP_STAMP_IRQHandler
                0x08000c4c                EXTI3_IRQHandler
                0x08000c4c                TIM1_UP_TIM10_IRQHandler
                0x08000c4c                I2C3_ER_IRQHandler
                0x08000c4c                EXTI0_IRQHandler
                0x08000c4c                I2C2_EV_IRQHandler
                0x08000c4c                DMA1_Stream2_IRQHandler
                0x08000c4c                FPU_IRQHandler
                0x08000c4c                DMA2_Stream2_IRQHandler
                0x08000c4c                SPI1_IRQHandler
                0x08000c4c                TIM1_BRK_TIM9_IRQHandler
                0x08000c4c                DMA2_Stream3_IRQHandler
                0x08000c4c                USART6_IRQHandler
                0x08000c4c                DMA2_Stream0_IRQHandler
                0x08000c4c                TIM4_IRQHandler
                0x08000c4c                I2C1_EV_IRQHandler
                0x08000c4c                DMA1_Stream6_IRQHandler
                0x08000c4c                DMA1_Stream1_IRQHandler
                0x08000c4c                TIM3_IRQHandler
                0x08000c4c                RCC_IRQHandler
                0x08000c4c                Default_Handler
                0x08000c4c                EXTI15_10_IRQHandler
                0x08000c4c                ADC_IRQHandler
                0x08000c4c                DMA1_Stream7_IRQHandler
                0x08000c4c                SPI5_IRQHandler
                0x08000c4c                TIM5_IRQHandler
                0x08000c4c                DMA2_Stream7_IRQHandler
                0x08000c4c                I2C3_EV_IRQHandler
                0x08000c4c                EXTI9_5_IRQHandler
                0x08000c4c                RTC_WKUP_IRQHandler
                0x08000c4c                SPI2_IRQHandler
                0x08000c4c                DMA1_Stream0_IRQHandler
                0x08000c4c                EXTI4_IRQHandler
                0x08000c4c                WWDG_IRQHandler
                0x08000c4c                TIM2_IRQHandler
                0x08000c4c                OTG_FS_WKUP_IRQHandler
                0x08000c4c                TIM1_TRG_COM_TIM11_IRQHandler
                0x08000c4c                EXTI1_IRQHandler
                0x08000c4c                USART2_IRQHandler
                0x08000c4c                I2C2_ER_IRQHandler
                0x08000c4c                DMA2_Stream1_IRQHandler
                0x08000c4c                FLASH_IRQHandler
                0x08000c4c                DMA2_Stream4_IRQHandler
                0x08000c4c                USART1_IRQHandler
                0x08000c4c                OTG_FS_IRQHandler
                0x08000c4c                SPI3_IRQHandler
                0x08000c4c                DMA1_Stream4_IRQHandler
                0x08000c4c                I2C1_ER_IRQHandler
                0x08000c4c                DMA2_Stream6_IRQHandler
                0x08000c4c                DMA1_Stream3_IRQHandler
 *fill*         0x08000c4e        0x2 
 .text.HAL_Init
                0x08000c50       0x44 ./Drivers/STM32F4xx_HAL_Driver/Src/stm32f4xx_hal.o
                0x08000c50                HAL_Init
 .text.HAL_InitTick
                0x08000c94       0x60 ./Drivers/STM32F4xx_HAL_Driver/Src/stm32f4xx_hal.o
                0x08000c94                HAL_InitTick
 .text.HAL_IncTick
                0x08000cf4       0x24 ./Drivers/STM32F4xx_HAL_Driver/Src/stm32f4xx_hal.o
                0x08000cf4                HAL_IncTick
 .text.HAL_GetTick
                0x08000d18       0x14 ./Drivers/STM32F4xx_HAL_Driver/Src/stm32f4xx_hal.o
                0x08000d18                HAL_GetTick
 .text.HAL_Delay
                0x08000d2c       0x48 ./Drivers/STM32F4xx_HAL_Driver/Src/stm32f4xx_hal.o
                0x08000d2c                HAL_Delay
 .text.__NVIC_SetPriorityGrouping
                0x08000d74       0x48 ./Drivers/STM32F4xx_HAL_Driver/Src/stm32f4xx_hal_cortex.o
 .text.__NVIC_GetPriorityGrouping
                0x08000dbc       0x1c ./Drivers/STM32F4xx_HAL_Driver/Src/stm32f4xx_hal_cortex.o
 .text.__NVIC_SetPriority
                0x08000dd8       0x54 ./Drivers/STM32F4xx_HAL_Driver/Src/stm32f4xx_hal_cortex.o
 .text.NVIC_EncodePriority
                0x08000e2c       0x64 ./Drivers/STM32F4xx_HAL_Driver/Src/stm32f4xx_hal_cortex.o
 .text.SysTick_Config
                0x08000e90       0x44 ./Drivers/STM32F4xx_HAL_Driver/Src/stm32f4xx_hal_cortex.o
 .text.HAL_NVIC_SetPriorityGrouping
                0x08000ed4       0x16 ./Drivers/STM32F4xx_HAL_Driver/Src/stm32f4xx_hal_cortex.o
                0x08000ed4                HAL_NVIC_SetPriorityGrouping
 .text.HAL_NVIC_SetPriority
                0x08000eea       0x38 ./Drivers/STM32F4xx_HAL_Driver/Src/stm32f4xx_hal_cortex.o
                0x08000eea                HAL_NVIC_SetPriority
 .text.HAL_SYSTICK_Config
                0x08000f22       0x18 ./Drivers/STM32F4xx_HAL_Driver/Src/stm32f4xx_hal_cortex.o
                0x08000f22                HAL_SYSTICK_Config
 *fill*         0x08000f3a        0x2 
 .text.HAL_GPIO_Init
                0x08000f3c      0x304 ./Drivers/STM32F4xx_HAL_Driver/Src/stm32f4xx_hal_gpio.o
                0x08000f3c                HAL_GPIO_Init
 .text.HAL_GPIO_WritePin
                0x08001240       0x30 ./Drivers/STM32F4xx_HAL_Driver/Src/stm32f4xx_hal_gpio.o
                0x08001240                HAL_GPIO_WritePin
 .text.HAL_GPIO_TogglePin
                0x08001270       0x32 ./Drivers/STM32F4xx_HAL_Driver/Src/stm32f4xx_hal_gpio.o
                0x08001270                HAL_GPIO_TogglePin
 *fill*         0x080012a2        0x2 
 .text.HAL_RCC_OscConfig
                0x080012a4      0x4f0 ./Drivers/STM32F4xx_HAL_Driver/Src/stm32f4xx_hal_rcc.o
                0x080012a4                HAL_RCC_OscConfig
 .text.HAL_RCC_ClockConfig
                0x08001794      0x1cc ./Drivers/STM32F4xx_HAL_Driver/Src/stm32f4xx_hal_rcc.o
                0x08001794                HAL_RCC_ClockConfig
 .text.HAL_RCC_GetSysClockFreq
                0x08001960      0x218 ./Drivers/STM32F4xx_HAL_Driver/Src/stm32f4xx_hal_rcc.o
                0x08001960                HAL_RCC_GetSysClockFreq
 .text.HAL_RCC_GetHCLKFreq
                0x08001b78       0x14 ./Drivers/STM32F4xx_HAL_Driver/Src/stm32f4xx_hal_rcc.o
                0x08001b78                HAL_RCC_GetHCLKFreq
 .text.HAL_RCC_GetPCLK1Freq
                0x08001b8c       0x28 ./Drivers/STM32F4xx_HAL_Driver/Src/stm32f4xx_hal_rcc.o
                0x08001b8c                HAL_RCC_GetPCLK1Freq
 .text.HAL_RCC_GetPCLK2Freq
                0x08001bb4       0x28 ./Drivers/STM32F4xx_HAL_Driver/Src/stm32f4xx_hal_rcc.o
                0x08001bb4                HAL_RCC_GetPCLK2Freq
 .text.HAL_UART_Init
                0x08001bdc       0xa0 ./Drivers/STM32F4xx_HAL_Driver/Src/stm32f4xx_hal_uart.o
                0x08001bdc                HAL_UART_Init
 .text.UART_SetConfig
                0x08001c7c      0x4f8 ./Drivers/STM32F4xx_HAL_Driver/Src/stm32f4xx_hal_uart.o
 .text.AES_keyschedule_enc_LL
                0x08002174      0x174 /mnt/DATA-1/0Dev/MC-Dev/0-LESSONS/01/src/work4dak/stm32/HW 8/Core/Src/libSTM32CryptographicV3.0.0_CM4_GCC.a(crypto.o)
 .text.xts_new_tweak
                0x080022e8       0x3c /mnt/DATA-1/0Dev/MC-Dev/0-LESSONS/01/src/work4dak/stm32/HW 8/Core/Src/libSTM32CryptographicV3.0.0_CM4_GCC.a(crypto.o)
 .text.AES_keyschedule_enc
                0x08002324       0x22 /mnt/DATA-1/0Dev/MC-Dev/0-LESSONS/01/src/work4dak/stm32/HW 8/Core/Src/libSTM32CryptographicV3.0.0_CM4_GCC.a(crypto.o)
                0x08002324                AES_keyschedule_enc
 *fill*         0x08002346        0x2 
 .text.AES_general_SW_enc
                0x08002348      0x2b4 /mnt/DATA-1/0Dev/MC-Dev/0-LESSONS/01/src/work4dak/stm32/HW 8/Core/Src/libSTM32CryptographicV3.0.0_CM4_GCC.a(crypto.o)
                0x08002348                AES_general_SW_enc
 .text.AES_keyschedule_dec
                0x080025fc       0xfc /mnt/DATA-1/0Dev/MC-Dev/0-LESSONS/01/src/work4dak/stm32/HW 8/Core/Src/libSTM32CryptographicV3.0.0_CM4_GCC.a(crypto.o)
                0x080025fc                AES_keyschedule_dec
 .text.AES_XTS_Common_Init
                0x080026f8       0x92 /mnt/DATA-1/0Dev/MC-Dev/0-LESSONS/01/src/work4dak/stm32/HW 8/Core/Src/libSTM32CryptographicV3.0.0_CM4_GCC.a(crypto.o)
 *fill*         0x0800278a        0x2 
 .text.AES_general_SW_dec
                0x0800278c      0x2b4 /mnt/DATA-1/0Dev/MC-Dev/0-LESSONS/01/src/work4dak/stm32/HW 8/Core/Src/libSTM32CryptographicV3.0.0_CM4_GCC.a(crypto.o)
                0x0800278c                AES_general_SW_dec
 .text.AES_XTS_Common_Append.part.5
                0x08002a40      0x2c0 /mnt/DATA-1/0Dev/MC-Dev/0-LESSONS/01/src/work4dak/stm32/HW 8/Core/Src/libSTM32CryptographicV3.0.0_CM4_GCC.a(crypto.o)
 .text.AES_XTS_Encrypt_Init
                0x08002d00        0x6 /mnt/DATA-1/0Dev/MC-Dev/0-LESSONS/01/src/work4dak/stm32/HW 8/Core/Src/libSTM32CryptographicV3.0.0_CM4_GCC.a(crypto.o)
                0x08002d00                AES_XTS_Encrypt_Init
 .text.AES_XTS_Encrypt_Append
                0x08002d06       0x22 /mnt/DATA-1/0Dev/MC-Dev/0-LESSONS/01/src/work4dak/stm32/HW 8/Core/Src/libSTM32CryptographicV3.0.0_CM4_GCC.a(crypto.o)
                0x08002d06                AES_XTS_Encrypt_Append
 .text.AES_XTS_Encrypt_Finish
                0x08002d28       0x18 /mnt/DATA-1/0Dev/MC-Dev/0-LESSONS/01/src/work4dak/stm32/HW 8/Core/Src/libSTM32CryptographicV3.0.0_CM4_GCC.a(crypto.o)
                0x08002d28                AES_XTS_Encrypt_Finish
 .text.AES_XTS_Decrypt_Init
                0x08002d40        0x6 /mnt/DATA-1/0Dev/MC-Dev/0-LESSONS/01/src/work4dak/stm32/HW 8/Core/Src/libSTM32CryptographicV3.0.0_CM4_GCC.a(crypto.o)
                0x08002d40                AES_XTS_Decrypt_Init
 .text.AES_XTS_Decrypt_Append
                0x08002d46       0x22 /mnt/DATA-1/0Dev/MC-Dev/0-LESSONS/01/src/work4dak/stm32/HW 8/Core/Src/libSTM32CryptographicV3.0.0_CM4_GCC.a(crypto.o)
                0x08002d46                AES_XTS_Decrypt_Append
 .text.AES_XTS_Decrypt_Finish
                0x08002d68        0x4 /mnt/DATA-1/0Dev/MC-Dev/0-LESSONS/01/src/work4dak/stm32/HW 8/Core/Src/libSTM32CryptographicV3.0.0_CM4_GCC.a(crypto.o)
                0x08002d68                AES_XTS_Decrypt_Finish
 .text.memset   0x08002d6c       0x10 /home/dim0k/st/stm32cubeide_1.19.0/plugins/com.st.stm32cube.ide.mcu.externaltools.gnu-tools-for-stm32.13.3.rel1.linux64_1.0.0.202410170706/tools/bin/../lib/gcc/arm-none-eabi/13.3.1/../../../../arm-none-eabi/lib/thumb/v7e-m/nofp/libc_nano.a(libc_a-memset.o)
                0x08002d6c                memset
 .text.__libc_init_array
                0x08002d7c       0x48 /home/dim0k/st/stm32cubeide_1.19.0/plugins/com.st.stm32cube.ide.mcu.externaltools.gnu-tools-for-stm32.13.3.rel1.linux64_1.0.0.202410170706/tools/bin/../lib/gcc/arm-none-eabi/13.3.1/../../../../arm-none-eabi/lib/thumb/v7e-m/nofp/libc_nano.a(libc_a-init.o)
                0x08002d7c                __libc_init_array
 *(.glue_7)
 .glue_7        0x08002dc4        0x0 linker stubs
 *(.glue_7t)
 .glue_7t       0x08002dc4        0x0 linker stubs
 *(.eh_frame)
 .eh_frame      0x08002dc4        0x0 /home/dim0k/st/stm32cubeide_1.19.0/plugins/com.st.stm32cube.ide.mcu.externaltools.gnu-tools-for-stm32.13.3.rel1.linux64_1.0.0.202410170706/tools/bin/../lib/gcc/arm-none-eabi/13.3.1/thumb/v7e-m/nofp/crtbegin.o
 *(.init)
 .init          0x08002dc4        0x4 /home/dim0k/st/stm32cubeide_1.19.0/plugins/com.st.stm32cube.ide.mcu.externaltools.gnu-tools-for-stm32.13.3.rel1.linux64_1.0.0.202410170706/tools/bin/../lib/gcc/arm-none-eabi/13.3.1/thumb/v7e-m/nofp/crti.o
                0x08002dc4                _init
 .init          0x08002dc8        0x8 /home/dim0k/st/stm32cubeide_1.19.0/plugins/com.st.stm32cube.ide.mcu.externaltools.gnu-tools-for-stm32.13.3.rel1.linux64_1.0.0.202410170706/tools/bin/../lib/gcc/arm-none-eabi/13.3.1/thumb/v7e-m/nofp/crtn.o
 *(.fini)
 .fini          0x08002dd0        0x4 /home/dim0k/st/stm32cubeide_1.19.0/plugins/com.st.stm32cube.ide.mcu.externaltools.gnu-tools-for-stm32.13.3.rel1.linux64_1.0.0.202410170706/tools/bin/../lib/gcc/arm-none-eabi/13.3.1/thumb/v7e-m/nofp/crti.o
                0x08002dd0                _fini
 .fini          0x08002dd4        0x8 /home/dim0k/st/stm32cubeide_1.19.0/plugins/com.st.stm32cube.ide.mcu.externaltools.gnu-tools-for-stm32.13.3.rel1.linux64_1.0.0.202410170706/tools/bin/../lib/gcc/arm-none-eabi/13.3.1/thumb/v7e-m/nofp/crtn.o
                0x08002ddc                        . = ALIGN (0x4)
                0x08002ddc                        _etext = .

.vfp11_veneer   0x08002ddc        0x0
 .vfp11_veneer  0x08002ddc        0x0 linker stubs

.v4_bx          0x08002ddc        0x0
 .v4_bx         0x08002ddc        0x0 linker stubs

.iplt           0x08002ddc        0x0
 .iplt          0x08002ddc        0x0 /home/dim0k/st/stm32cubeide_1.19.0/plugins/com.st.stm32cube.ide.mcu.externaltools.gnu-tools-for-stm32.13.3.rel1.linux64_1.0.0.202410170706/tools/bin/../lib/gcc/arm-none-eabi/13.3.1/thumb/v7e-m/nofp/crtbegin.o

.rodata         0x08002ddc      0xac0
                0x08002ddc                        . = ALIGN (0x4)
 *(.rodata)
 *(.rodata*)
 .rodata.PlainText
                0x08002ddc       0x20 ./Core/Src/main.o
                0x08002ddc                PlainText
 .rodata.Key    0x08002dfc       0x20 ./Core/Src/main.o
                0x08002dfc                Key
 .rodata.SequenceNumber
                0x08002e1c       0x20 ./Core/Src/main.o
                0x08002e1c                SequenceNumber
 .rodata.CipherText
                0x08002e3c       0x20 ./Core/Src/main.o
                0x08002e3c                CipherText
 .rodata.AHBPrescTable
                0x08002e5c       0x10 ./Core/Src/system_stm32f4xx.o
                0x08002e5c                AHBPrescTable
 .rodata.APBPrescTable
                0x08002e6c        0x8 ./Core/Src/system_stm32f4xx.o
                0x08002e6c                APBPrescTable
 .rodata.rcon   0x08002e74       0x28 /mnt/DATA-1/0Dev/MC-Dev/0-LESSONS/01/src/work4dak/stm32/HW 8/Core/Src/libSTM32CryptographicV3.0.0_CM4_GCC.a(crypto.o)
                0x08002e74                rcon
 .rodata.dec_table
                0x08002e9c      0x400 /mnt/DATA-1/0Dev/MC-Dev/0-LESSONS/01/src/work4dak/stm32/HW 8/Core/Src/libSTM32CryptographicV3.0.0_CM4_GCC.a(crypto.o)
                0x08002e9c                dec_table
 .rodata.enc_table
                0x0800329c      0x400 /mnt/DATA-1/0Dev/MC-Dev/0-LESSONS/01/src/work4dak/stm32/HW 8/Core/Src/libSTM32CryptographicV3.0.0_CM4_GCC.a(crypto.o)
                0x0800329c                enc_table
 .rodata.InvSbox
                0x0800369c      0x100 /mnt/DATA-1/0Dev/MC-Dev/0-LESSONS/01/src/work4dak/stm32/HW 8/Core/Src/libSTM32CryptographicV3.0.0_CM4_GCC.a(crypto.o)
                0x0800369c                InvSbox
 .rodata.Sbox   0x0800379c      0x100 /mnt/DATA-1/0Dev/MC-Dev/0-LESSONS/01/src/work4dak/stm32/HW 8/Core/Src/libSTM32CryptographicV3.0.0_CM4_GCC.a(crypto.o)
                0x0800379c                Sbox
                0x0800389c                        . = ALIGN (0x4)

.ARM.extab      0x0800389c        0x0
                0x0800389c                        . = ALIGN (0x4)
 *(.ARM.extab* .gnu.linkonce.armextab.*)
                0x0800389c                        . = ALIGN (0x4)

.ARM            0x0800389c        0x8
                0x0800389c                        . = ALIGN (0x4)
                0x0800389c                        __exidx_start = .
 *(.ARM.exidx*)
 .ARM.exidx     0x0800389c        0x8 /home/dim0k/st/stm32cubeide_1.19.0/plugins/com.st.stm32cube.ide.mcu.externaltools.gnu-tools-for-stm32.13.3.rel1.linux64_1.0.0.202410170706/tools/bin/../lib/gcc/arm-none-eabi/13.3.1/thumb/v7e-m/nofp/libgcc.a(_udivmoddi4.o)
                0x080038a4                        __exidx_end = .
                0x080038a4                        . = ALIGN (0x4)

.preinit_array  0x080038a4        0x0
                0x080038a4                        . = ALIGN (0x4)
                0x080038a4                        PROVIDE (__preinit_array_start = .)
 *(.preinit_array*)
                0x080038a4                        PROVIDE (__preinit_array_end = .)
                0x080038a4                        . = ALIGN (0x4)

.init_array     0x080038a4        0x4
                0x080038a4                        . = ALIGN (0x4)
                0x080038a4                        PROVIDE (__init_array_start = .)
 *(SORT_BY_NAME(.init_array.*))
 *(.init_array*)
 .init_array    0x080038a4        0x4 /home/dim0k/st/stm32cubeide_1.19.0/plugins/com.st.stm32cube.ide.mcu.externaltools.gnu-tools-for-stm32.13.3.rel1.linux64_1.0.0.202410170706/tools/bin/../lib/gcc/arm-none-eabi/13.3.1/thumb/v7e-m/nofp/crtbegin.o
                0x080038a8                        PROVIDE (__init_array_end = .)
                0x080038a8                        . = ALIGN (0x4)

.fini_array     0x080038a8        0x4
                0x080038a8                        . = ALIGN (0x4)
                [!provide]                        PROVIDE (__fini_array_start = .)
 *(SORT_BY_NAME(.fini_array.*))
 *(.fini_array*)
 .fini_array    0x080038a8        0x4 /home/dim0k/st/stm32cubeide_1.19.0/plugins/com.st.stm32cube.ide.mcu.externaltools.gnu-tools-for-stm32.13.3.rel1.linux64_1.0.0.202410170706/tools/bin/../lib/gcc/arm-none-eabi/13.3.1/thumb/v7e-m/nofp/crtbegin.o
                [!provide]                        PROVIDE (__fini_array_end = .)
                0x080038ac                        . = ALIGN (0x4)
                0x080038ac                        _sidata = LOADADDR (.data)

.rel.dyn        0x080038ac        0x0
 .rel.iplt      0x080038ac        0x0 /home/dim0k/st/stm32cubeide_1.19.0/plugins/com.st.stm32cube.ide.mcu.externaltools.gnu-tools-for-stm32.13.3.rel1.linux64_1.0.0.202410170706/tools/bin/../lib/gcc/arm-none-eabi/13.3.1/thumb/v7e-m/nofp/crtbegin.o

.data           0x20000000        0xc load address 0x080038ac
                0x20000000                        . = ALIGN (0x4)
                0x20000000                        _sdata = .
 *(.data)
 *(.data*)
 .data.SystemCoreClock
                0x20000000        0x4 ./Core/Src/system_stm32f4xx.o
                0x20000000                SystemCoreClock
 .data.uwTickPrio
                0x20000004        0x4 ./Drivers/STM32F4xx_HAL_Driver/Src/stm32f4xx_hal.o
                0x20000004                uwTickPrio
 .data.uwTickFreq
                0x20000008        0x1 ./Drivers/STM32F4xx_HAL_Driver/Src/stm32f4xx_hal.o
                0x20000008                uwTickFreq
 *(.RamFunc)
 *(.RamFunc*)
                0x2000000c                        . = ALIGN (0x4)
 *fill*         0x20000009        0x3 
                0x2000000c                        _edata = .

.igot.plt       0x2000000c        0x0 load address 0x080038b8
 .igot.plt      0x2000000c        0x0 /home/dim0k/st/stm32cubeide_1.19.0/plugins/com.st.stm32cube.ide.mcu.externaltools.gnu-tools-for-stm32.13.3.rel1.linux64_1.0.0.202410170706/tools/bin/../lib/gcc/arm-none-eabi/13.3.1/thumb/v7e-m/nofp/crtbegin.o
                0x2000000c                        . = ALIGN (0x4)

.bss            0x2000000c      0x27c load address 0x080038b8
                0x2000000c                        _sbss = .
                0x2000000c                        __bss_start__ = _sbss
 *(.bss)
 .bss           0x2000000c       0x1c /home/dim0k/st/stm32cubeide_1.19.0/plugins/com.st.stm32cube.ide.mcu.externaltools.gnu-tools-for-stm32.13.3.rel1.linux64_1.0.0.202410170706/tools/bin/../lib/gcc/arm-none-eabi/13.3.1/thumb/v7e-m/nofp/crtbegin.o
 *(.bss*)
 .bss.huart2    0x20000028       0x48 ./Core/Src/main.o
                0x20000028                huart2
 .bss.temp      0x20000070      0x200 ./Core/Src/main.o
                0x20000070                temp
 .bss.GPIO_InitStruct
                0x20000270       0x14 ./Core/Src/main.o
 .bss.uwTick    0x20000284        0x4 ./Drivers/STM32F4xx_HAL_Driver/Src/stm32f4xx_hal.o
                0x20000284                uwTick
 *(COMMON)
                0x20000288                        . = ALIGN (0x4)
                0x20000288                        _ebss = .
                0x20000288                        __bss_end__ = _ebss

._user_heap_stack
                0x20000288      0x600 load address 0x080038b8
                0x20000288                        . = ALIGN (0x8)
                [!provide]                        PROVIDE (end = .)
                0x20000288                        PROVIDE (_end = .)
                0x20000488                        . = (. + _Min_Heap_Size)
 *fill*         0x20000288      0x200 
                0x20000888                        . = (. + _Min_Stack_Size)
 *fill*         0x20000488      0x400 
                0x20000888                        . = ALIGN (0x8)

/DISCARD/
 libc.a(*)
 libm.a(*)
 libgcc.a(*)

.ARM.attributes
                0x00000000       0x2a
 *(.ARM.attributes)
 .ARM.attributes
                0x00000000       0x1e /home/dim0k/st/stm32cubeide_1.19.0/plugins/com.st.stm32cube.ide.mcu.externaltools.gnu-tools-for-stm32.13.3.rel1.linux64_1.0.0.202410170706/tools/bin/../lib/gcc/arm-none-eabi/13.3.1/thumb/v7e-m/nofp/crti.o
 .ARM.attributes
                0x0000001e       0x2e /home/dim0k/st/stm32cubeide_1.19.0/plugins/com.st.stm32cube.ide.mcu.externaltools.gnu-tools-for-stm32.13.3.rel1.linux64_1.0.0.202410170706/tools/bin/../lib/gcc/arm-none-eabi/13.3.1/thumb/v7e-m/nofp/crtbegin.o
 .ARM.attributes
                0x0000004c       0x2e ./Core/Src/main.o
 .ARM.attributes
                0x0000007a       0x2e ./Core/Src/stm32f4xx_hal_msp.o
 .ARM.attributes
                0x000000a8       0x2e ./Core/Src/stm32f4xx_it.o
 .ARM.attributes
                0x000000d6       0x2e ./Core/Src/system_stm32f4xx.o
 .ARM.attributes
                0x00000104       0x21 ./Core/Startup/startup_stm32f411retx.o
 .ARM.attributes
                0x00000125       0x2e ./Drivers/STM32F4xx_HAL_Driver/Src/stm32f4xx_hal.o
 .ARM.attributes
                0x00000153       0x2e ./Drivers/STM32F4xx_HAL_Driver/Src/stm32f4xx_hal_cortex.o
 .ARM.attributes
                0x00000181       0x2e ./Drivers/STM32F4xx_HAL_Driver/Src/stm32f4xx_hal_gpio.o
 .ARM.attributes
                0x000001af       0x2e ./Drivers/STM32F4xx_HAL_Driver/Src/stm32f4xx_hal_rcc.o
 .ARM.attributes
                0x000001dd       0x2e ./Drivers/STM32F4xx_HAL_Driver/Src/stm32f4xx_hal_uart.o
 .ARM.attributes
                0x0000020b       0x33 /mnt/DATA-1/0Dev/MC-Dev/0-LESSONS/01/src/work4dak/stm32/HW 8/Core/Src/libSTM32CryptographicV3.0.0_CM4_GCC.a(crypto.o)
 .ARM.attributes
                0x0000023e       0x2e /home/dim0k/st/stm32cubeide_1.19.0/plugins/com.st.stm32cube.ide.mcu.externaltools.gnu-tools-for-stm32.13.3.rel1.linux64_1.0.0.202410170706/tools/bin/../lib/gcc/arm-none-eabi/13.3.1/../../../../arm-none-eabi/lib/thumb/v7e-m/nofp/libc_nano.a(libc_a-memset.o)
 .ARM.attributes
                0x0000026c       0x2e /home/dim0k/st/stm32cubeide_1.19.0/plugins/com.st.stm32cube.ide.mcu.externaltools.gnu-tools-for-stm32.13.3.rel1.linux64_1.0.0.202410170706/tools/bin/../lib/gcc/arm-none-eabi/13.3.1/../../../../arm-none-eabi/lib/thumb/v7e-m/nofp/libc_nano.a(libc_a-init.o)
 .ARM.attributes
                0x0000029a       0x1e /home/dim0k/st/stm32cubeide_1.19.0/plugins/com.st.stm32cube.ide.mcu.externaltools.gnu-tools-for-stm32.13.3.rel1.linux64_1.0.0.202410170706/tools/bin/../lib/gcc/arm-none-eabi/13.3.1/thumb/v7e-m/nofp/libgcc.a(_aeabi_uldivmod.o)
 .ARM.attributes
                0x000002b8       0x2e /home/dim0k/st/stm32cubeide_1.19.0/plugins/com.st.stm32cube.ide.mcu.externaltools.gnu-tools-for-stm32.13.3.rel1.linux64_1.0.0.202410170706/tools/bin/../lib/gcc/arm-none-eabi/13.3.1/thumb/v7e-m/nofp/libgcc.a(_udivmoddi4.o)
 .ARM.attributes
                0x000002e6       0x1e /home/dim0k/st/stm32cubeide_1.19.0/plugins/com.st.stm32cube.ide.mcu.externaltools.gnu-tools-for-stm32.13.3.rel1.linux64_1.0.0.202410170706/tools/bin/../lib/gcc/arm-none-eabi/13.3.1/thumb/v7e-m/nofp/libgcc.a(_dvmd_tls.o)
 .ARM.attributes
                0x00000304       0x1e /home/dim0k/st/stm32cubeide_1.19.0/plugins/com.st.stm32cube.ide.mcu.externaltools.gnu-tools-for-stm32.13.3.rel1.linux64_1.0.0.202410170706/tools/bin/../lib/gcc/arm-none-eabi/13.3.1/thumb/v7e-m/nofp/crtn.o
OUTPUT(HW 8.elf elf32-littlearm)
LOAD linker stubs
LOAD /home/dim0k/st/stm32cubeide_1.19.0/plugins/com.st.stm32cube.ide.mcu.externaltools.gnu-tools-for-stm32.13.3.rel1.linux64_1.0.0.202410170706/tools/bin/../lib/gcc/arm-none-eabi/13.3.1/../../../../arm-none-eabi/lib/thumb/v7e-m/nofp/libc.a
LOAD /home/dim0k/st/stm32cubeide_1.19.0/plugins/com.st.stm32cube.ide.mcu.externaltools.gnu-tools-for-stm32.13.3.rel1.linux64_1.0.0.202410170706/tools/bin/../lib/gcc/arm-none-eabi/13.3.1/../../../../arm-none-eabi/lib/thumb/v7e-m/nofp/libm.a
LOAD /home/dim0k/st/stm32cubeide_1.19.0/plugins/com.st.stm32cube.ide.mcu.externaltools.gnu-tools-for-stm32.13.3.rel1.linux64_1.0.0.202410170706/tools/bin/../lib/gcc/arm-none-eabi/13.3.1/thumb/v7e-m/nofp/libgcc.a

.debug_info     0x00000000     0x739e
 .debug_info    0x00000000     0x10d5 ./Core/Src/main.o
 .debug_info    0x000010d5      0x92d ./Core/Src/stm32f4xx_hal_msp.o
 .debug_info    0x00001a02      0x112 ./Core/Src/stm32f4xx_it.o
 .debug_info    0x00001b14      0x347 ./Core/Src/system_stm32f4xx.o
 .debug_info    0x00001e5b       0x30 ./Core/Startup/startup_stm32f411retx.o
 .debug_info    0x00001e8b      0x8c4 ./Drivers/STM32F4xx_HAL_Driver/Src/stm32f4xx_hal.o
 .debug_info    0x0000274f      0xcfc ./Drivers/STM32F4xx_HAL_Driver/Src/stm32f4xx_hal_cortex.o
 .debug_info    0x0000344b      0x6f9 ./Drivers/STM32F4xx_HAL_Driver/Src/stm32f4xx_hal_gpio.o
 .debug_info    0x00003b44      0x904 ./Drivers/STM32F4xx_HAL_Driver/Src/stm32f4xx_hal_rcc.o
 .debug_info    0x00004448     0x2f56 ./Drivers/STM32F4xx_HAL_Driver/Src/stm32f4xx_hal_uart.o

.debug_abbrev   0x00000000     0x138f
 .debug_abbrev  0x00000000      0x30f ./Core/Src/main.o
 .debug_abbrev  0x0000030f      0x1c1 ./Core/Src/stm32f4xx_hal_msp.o
 .debug_abbrev  0x000004d0       0x73 ./Core/Src/stm32f4xx_it.o
 .debug_abbrev  0x00000543      0x11c ./Core/Src/system_stm32f4xx.o
 .debug_abbrev  0x0000065f       0x24 ./Core/Startup/startup_stm32f411retx.o
 .debug_abbrev  0x00000683      0x24b ./Drivers/STM32F4xx_HAL_Driver/Src/stm32f4xx_hal.o
 .debug_abbrev  0x000008ce      0x31d ./Drivers/STM32F4xx_HAL_Driver/Src/stm32f4xx_hal_cortex.o
 .debug_abbrev  0x00000beb      0x1d3 ./Drivers/STM32F4xx_HAL_Driver/Src/stm32f4xx_hal_gpio.o
 .debug_abbrev  0x00000dbe      0x2b6 ./Drivers/STM32F4xx_HAL_Driver/Src/stm32f4xx_hal_rcc.o
 .debug_abbrev  0x00001074      0x31b ./Drivers/STM32F4xx_HAL_Driver/Src/stm32f4xx_hal_uart.o

.debug_aranges  0x00000000      0x650
 .debug_aranges
                0x00000000       0x68 ./Core/Src/main.o
 .debug_aranges
                0x00000068       0x30 ./Core/Src/stm32f4xx_hal_msp.o
 .debug_aranges
                0x00000098       0x60 ./Core/Src/stm32f4xx_it.o
 .debug_aranges
                0x000000f8       0x28 ./Core/Src/system_stm32f4xx.o
 .debug_aranges
                0x00000120       0x28 ./Core/Startup/startup_stm32f411retx.o
 .debug_aranges
                0x00000148       0xf0 ./Drivers/STM32F4xx_HAL_Driver/Src/stm32f4xx_hal.o
 .debug_aranges
                0x00000238      0x130 ./Drivers/STM32F4xx_HAL_Driver/Src/stm32f4xx_hal_cortex.o
 .debug_aranges
                0x00000368       0x58 ./Drivers/STM32F4xx_HAL_Driver/Src/stm32f4xx_hal_gpio.o
 .debug_aranges
                0x000003c0       0x88 ./Drivers/STM32F4xx_HAL_Driver/Src/stm32f4xx_hal_rcc.o
 .debug_aranges
                0x00000448      0x208 ./Drivers/STM32F4xx_HAL_Driver/Src/stm32f4xx_hal_uart.o

.debug_rnglists
                0x00000000      0x4d3
 .debug_rnglists
                0x00000000       0x4e ./Core/Src/main.o
 .debug_rnglists
                0x0000004e       0x20 ./Core/Src/stm32f4xx_hal_msp.o
 .debug_rnglists
                0x0000006e       0x43 ./Core/Src/stm32f4xx_it.o
 .debug_rnglists
                0x000000b1       0x1a ./Core/Src/system_stm32f4xx.o
 .debug_rnglists
                0x000000cb       0x19 ./Core/Startup/startup_stm32f411retx.o
 .debug_rnglists
                0x000000e4       0xaf ./Drivers/STM32F4xx_HAL_Driver/Src/stm32f4xx_hal.o
 .debug_rnglists
                0x00000193       0xdf ./Drivers/STM32F4xx_HAL_Driver/Src/stm32f4xx_hal_cortex.o
 .debug_rnglists
                0x00000272       0x3f ./Drivers/STM32F4xx_HAL_Driver/Src/stm32f4xx_hal_gpio.o
 .debug_rnglists
                0x000002b1       0x66 ./Drivers/STM32F4xx_HAL_Driver/Src/stm32f4xx_hal_rcc.o
 .debug_rnglists
                0x00000317      0x1bc ./Drivers/STM32F4xx_HAL_Driver/Src/stm32f4xx_hal_uart.o

.debug_macro    0x00000000    0x15ad8
 .debug_macro   0x00000000      0x51f ./Core/Src/main.o
 .debug_macro   0x0000051f      0xacc ./Core/Src/main.o
 .debug_macro   0x00000feb      0x295 ./Core/Src/main.o
 .debug_macro   0x00001280       0x2e ./Core/Src/main.o
 .debug_macro   0x000012ae       0x28 ./Core/Src/main.o
 .debug_macro   0x000012d6       0x22 ./Core/Src/main.o
 .debug_macro   0x000012f8       0x8e ./Core/Src/main.o
 .debug_macro   0x00001386       0x51 ./Core/Src/main.o
 .debug_macro   0x000013d7      0x103 ./Core/Src/main.o
 .debug_macro   0x000014da       0x6a ./Core/Src/main.o
 .debug_macro   0x00001544      0x1df ./Core/Src/main.o
 .debug_macro   0x00001723       0x1c ./Core/Src/main.o
 .debug_macro   0x0000173f       0x22 ./Core/Src/main.o
 .debug_macro   0x00001761       0xfb ./Core/Src/main.o
 .debug_macro   0x0000185c     0x1011 ./Core/Src/main.o
 .debug_macro   0x0000286d      0x11f ./Core/Src/main.o
 .debug_macro   0x0000298c     0xb968 ./Core/Src/main.o
 .debug_macro   0x0000e2f4       0x6d ./Core/Src/main.o
 .debug_macro   0x0000e361     0x3693 ./Core/Src/main.o
 .debug_macro   0x000119f4      0x190 ./Core/Src/main.o
 .debug_macro   0x00011b84       0x5c ./Core/Src/main.o
 .debug_macro   0x00011be0      0x45c ./Core/Src/main.o
 .debug_macro   0x0001203c      0x9e9 ./Core/Src/main.o
 .debug_macro   0x00012a25      0x115 ./Core/Src/main.o
 .debug_macro   0x00012b3a      0x11b ./Core/Src/main.o
 .debug_macro   0x00012c55       0xa5 ./Core/Src/main.o
 .debug_macro   0x00012cfa      0x15f ./Core/Src/main.o
 .debug_macro   0x00012e59      0x287 ./Core/Src/main.o
 .debug_macro   0x000130e0       0x5f ./Core/Src/main.o
 .debug_macro   0x0001313f      0x236 ./Core/Src/main.o
 .debug_macro   0x00013375      0x132 ./Core/Src/main.o
 .debug_macro   0x000134a7      0x264 ./Core/Src/main.o
 .debug_macro   0x0001370b       0x2e ./Core/Src/main.o
 .debug_macro   0x00013739      0x127 ./Core/Src/main.o
 .debug_macro   0x00013860       0x85 ./Core/Src/main.o
 .debug_macro   0x000138e5       0x89 ./Core/Src/main.o
 .debug_macro   0x0001396e      0x2aa ./Core/Src/main.o
 .debug_macro   0x00013c18      0x126 ./Core/Src/main.o
 .debug_macro   0x00013d3e       0x58 ./Core/Src/main.o
 .debug_macro   0x00013d96      0x14e ./Core/Src/main.o
 .debug_macro   0x00013ee4       0x42 ./Core/Src/main.o
 .debug_macro   0x00013f26       0x24 ./Core/Src/main.o
 .debug_macro   0x00013f4a       0x61 ./Core/Src/main.o
 .debug_macro   0x00013fab       0x43 ./Core/Src/main.o
 .debug_macro   0x00013fee       0x34 ./Core/Src/main.o
 .debug_macro   0x00014022       0x16 ./Core/Src/main.o
 .debug_macro   0x00014038       0x3c ./Core/Src/main.o
 .debug_macro   0x00014074      0x370 ./Core/Src/main.o
 .debug_macro   0x000143e4       0x16 ./Core/Src/main.o
 .debug_macro   0x000143fa       0x4a ./Core/Src/main.o
 .debug_macro   0x00014444       0x34 ./Core/Src/main.o
 .debug_macro   0x00014478       0x10 ./Core/Src/main.o
 .debug_macro   0x00014488       0x58 ./Core/Src/main.o
 .debug_macro   0x000144e0       0x8e ./Core/Src/main.o
 .debug_macro   0x0001456e       0x1c ./Core/Src/main.o
 .debug_macro   0x0001458a      0x185 ./Core/Src/main.o
 .debug_macro   0x0001470f       0x16 ./Core/Src/main.o
 .debug_macro   0x00014725       0x29 ./Core/Src/main.o
 .debug_macro   0x0001474e       0x78 ./Core/Src/main.o
 .debug_macro   0x000147c6      0x214 ./Core/Src/main.o
 .debug_macro   0x000149da       0x82 ./Core/Src/main.o
 .debug_macro   0x00014a5c       0x6d ./Core/Src/main.o
 .debug_macro   0x00014ac9       0x3a ./Core/Src/main.o
 .debug_macro   0x00014b03       0x16 ./Core/Src/main.o
 .debug_macro   0x00014b19       0x16 ./Core/Src/main.o
 .debug_macro   0x00014b2f       0x16 ./Core/Src/main.o
 .debug_macro   0x00014b45       0x10 ./Core/Src/main.o
 .debug_macro   0x00014b55       0x10 ./Core/Src/main.o
 .debug_macro   0x00014b65       0x10 ./Core/Src/main.o
 .debug_macro   0x00014b75       0x10 ./Core/Src/main.o
 .debug_macro   0x00014b85       0x10 ./Core/Src/main.o
 .debug_macro   0x00014b95       0x10 ./Core/Src/main.o
 .debug_macro   0x00014ba5       0x34 ./Core/Src/main.o
 .debug_macro   0x00014bd9       0x10 ./Core/Src/main.o
 .debug_macro   0x00014be9       0x3a ./Core/Src/main.o
 .debug_macro   0x00014c23       0x16 ./Core/Src/main.o
 .debug_macro   0x00014c39       0x1c ./Core/Src/main.o
 .debug_macro   0x00014c55      0x1c9 ./Core/Src/stm32f4xx_hal_msp.o
 .debug_macro   0x00014e1e      0x1d3 ./Core/Src/stm32f4xx_it.o
 .debug_macro   0x00014ff1      0x1ba ./Core/Src/system_stm32f4xx.o
 .debug_macro   0x000151ab      0x21a ./Drivers/STM32F4xx_HAL_Driver/Src/stm32f4xx_hal.o
 .debug_macro   0x000153c5      0x1ba ./Drivers/STM32F4xx_HAL_Driver/Src/stm32f4xx_hal_cortex.o
 .debug_macro   0x0001557f      0x1c0 ./Drivers/STM32F4xx_HAL_Driver/Src/stm32f4xx_hal_gpio.o
 .debug_macro   0x0001573f      0x1de ./Drivers/STM32F4xx_HAL_Driver/Src/stm32f4xx_hal_rcc.o
 .debug_macro   0x0001591d      0x1bb ./Drivers/STM32F4xx_HAL_Driver/Src/stm32f4xx_hal_uart.o

.debug_line     0x00000000     0x797a
 .debug_line    0x00000000     0x11e8 ./Core/Src/main.o
 .debug_line    0x000011e8      0x6c4 ./Core/Src/stm32f4xx_hal_msp.o
 .debug_line    0x000018ac      0x725 ./Core/Src/stm32f4xx_it.o
 .debug_line    0x00001fd1      0x6e4 ./Core/Src/system_stm32f4xx.o
 .debug_line    0x000026b5       0x7a ./Core/Startup/startup_stm32f411retx.o
 .debug_line    0x0000272f      0x968 ./Drivers/STM32F4xx_HAL_Driver/Src/stm32f4xx_hal.o
 .debug_line    0x00003097      0xc38 ./Drivers/STM32F4xx_HAL_Driver/Src/stm32f4xx_hal_cortex.o
 .debug_line    0x00003ccf      0xa84 ./Drivers/STM32F4xx_HAL_Driver/Src/stm32f4xx_hal_gpio.o
 .debug_line    0x00004753      0xd77 ./Drivers/STM32F4xx_HAL_Driver/Src/stm32f4xx_hal_rcc.o
 .debug_line    0x000054ca     0x24b0 ./Drivers/STM32F4xx_HAL_Driver/Src/stm32f4xx_hal_uart.o

.debug_str      0x00000000    0x87746
 .debug_str     0x00000000    0x87746 ./Core/Src/main.o
                              0x861d7 (size before relaxing)
 .debug_str     0x00087746    0x806a2 ./Core/Src/stm32f4xx_hal_msp.o
 .debug_str     0x00087746    0x800da ./Core/Src/stm32f4xx_it.o
 .debug_str     0x00087746    0x8009c ./Core/Src/system_stm32f4xx.o
 .debug_str     0x00087746       0x87 ./Core/Startup/startup_stm32f411retx.o
 .debug_str     0x00087746    0x80b1c ./Drivers/STM32F4xx_HAL_Driver/Src/stm32f4xx_hal.o
 .debug_str     0x00087746    0x80886 ./Drivers/STM32F4xx_HAL_Driver/Src/stm32f4xx_hal_cortex.o
 .debug_str     0x00087746    0x8026b ./Drivers/STM32F4xx_HAL_Driver/Src/stm32f4xx_hal_gpio.o
 .debug_str     0x00087746    0x80524 ./Drivers/STM32F4xx_HAL_Driver/Src/stm32f4xx_hal_rcc.o
 .debug_str     0x00087746    0x80af3 ./Drivers/STM32F4xx_HAL_Driver/Src/stm32f4xx_hal_uart.o

.comment        0x00000000       0xc5
 .comment       0x00000000       0xc5 ./Core/Src/main.o
                                 0x44 (size before relaxing)
 .comment       0x000000c5       0x44 ./Core/Src/stm32f4xx_hal_msp.o
 .comment       0x000000c5       0x44 ./Core/Src/stm32f4xx_it.o
 .comment       0x000000c5       0x44 ./Core/Src/system_stm32f4xx.o
 .comment       0x000000c5       0x44 ./Drivers/STM32F4xx_HAL_Driver/Src/stm32f4xx_hal.o
 .comment       0x000000c5       0x44 ./Drivers/STM32F4xx_HAL_Driver/Src/stm32f4xx_hal_cortex.o
 .comment       0x000000c5       0x44 ./Drivers/STM32F4xx_HAL_Driver/Src/stm32f4xx_hal_gpio.o
 .comment       0x000000c5       0x44 ./Drivers/STM32F4xx_HAL_Driver/Src/stm32f4xx_hal_rcc.o
 .comment       0x000000c5       0x44 ./Drivers/STM32F4xx_HAL_Driver/Src/stm32f4xx_hal_uart.o
 .comment       0x000000c5       0x83 /mnt/DATA-1/0Dev/MC-Dev/0-LESSONS/01/src/work4dak/stm32/HW 8/Core/Src/libSTM32CryptographicV3.0.0_CM4_GCC.a(crypto.o)

.debug_frame    0x00000000     0x190c
 .debug_frame   0x00000000      0x178 ./Core/Src/main.o
 .debug_frame   0x00000178       0x7c ./Core/Src/stm32f4xx_hal_msp.o
 .debug_frame   0x000001f4      0x104 ./Core/Src/stm32f4xx_it.o
 .debug_frame   0x000002f8       0x58 ./Core/Src/system_stm32f4xx.o
 .debug_frame   0x00000350      0x374 ./Drivers/STM32F4xx_HAL_Driver/Src/stm32f4xx_hal.o
 .debug_frame   0x000006c4      0x508 ./Drivers/STM32F4xx_HAL_Driver/Src/stm32f4xx_hal_cortex.o
 .debug_frame   0x00000bcc      0x14c ./Drivers/STM32F4xx_HAL_Driver/Src/stm32f4xx_hal_gpio.o
 .debug_frame   0x00000d18      0x1f4 ./Drivers/STM32F4xx_HAL_Driver/Src/stm32f4xx_hal_rcc.o
 .debug_frame   0x00000f0c      0x954 ./Drivers/STM32F4xx_HAL_Driver/Src/stm32f4xx_hal_uart.o
 .debug_frame   0x00001860       0x20 /home/dim0k/st/stm32cubeide_1.19.0/plugins/com.st.stm32cube.ide.mcu.externaltools.gnu-tools-for-stm32.13.3.rel1.linux64_1.0.0.202410170706/tools/bin/../lib/gcc/arm-none-eabi/13.3.1/../../../../arm-none-eabi/lib/thumb/v7e-m/nofp/libc_nano.a(libc_a-memset.o)
 .debug_frame   0x00001880       0x2c /home/dim0k/st/stm32cubeide_1.19.0/plugins/com.st.stm32cube.ide.mcu.externaltools.gnu-tools-for-stm32.13.3.rel1.linux64_1.0.0.202410170706/tools/bin/../lib/gcc/arm-none-eabi/13.3.1/../../../../arm-none-eabi/lib/thumb/v7e-m/nofp/libc_nano.a(libc_a-init.o)
 .debug_frame   0x000018ac       0x2c /home/dim0k/st/stm32cubeide_1.19.0/plugins/com.st.stm32cube.ide.mcu.externaltools.gnu-tools-for-stm32.13.3.rel1.linux64_1.0.0.202410170706/tools/bin/../lib/gcc/arm-none-eabi/13.3.1/thumb/v7e-m/nofp/libgcc.a(_aeabi_uldivmod.o)
 .debug_frame   0x000018d8       0x34 /home/dim0k/st/stm32cubeide_1.19.0/plugins/com.st.stm32cube.ide.mcu.externaltools.gnu-tools-for-stm32.13.3.rel1.linux64_1.0.0.202410170706/tools/bin/../lib/gcc/arm-none-eabi/13.3.1/thumb/v7e-m/nofp/libgcc.a(_udivmoddi4.o)

.debug_line_str
                0x00000000       0x6b
 .debug_line_str
                0x00000000       0x6b ./Core/Startup/startup_stm32f411retx.o
