../Drivers/STM32F4xx_HAL_Driver/Inc/stm32f4xx_ll_rcc.h:6788:22:LL_RCC_ClearResetFlags	4	static
../Core/Src/main.c:145:5:main	24	static
../Core/Src/main.c:247:6:SystemClock_Config	88	static
../Core/Src/main.c:295:13:MX_IWDG_Init	8	static
../Core/Src/main.c:323:13:MX_USART2_UART_Init	8	static
../Core/Src/main.c:356:13:MX_GPIO_Init	48	static
../Core/Src/main.c:400:13:Read_Raw_CSR	24	static
../Core/Src/main.c:435:16:Check_Button_Simple	16	static
../Core/Src/main.c:472:6:Error_Handler	8	static,ignoring_inline_asm
