../Core/Src/main.c:124:6:UART_SendString	16	static
../Core/Src/main.c:128:6:UART_SendHexByte	24	static
../Core/Src/main.c:135:6:PrintConfig	184	static
../Core/Src/main.c:209:6:PrintMemoryDump	104	static
../Core/Src/main.c:248:6:SaveToFlash	48	static
../Core/Src/main.c:301:6:ReadFromFlash	16	static
../Core/Src/main.c:314:6:InitTestConfig	16	static
../Core/Src/main.c:377:5:main	72	static
../Core/Src/main.c:462:6:SystemClock_Config	88	static
../Core/Src/main.c:509:13:MX_USART2_UART_Init	8	static
../Core/Src/main.c:542:13:MX_GPIO_Init	48	static
../Core/Src/main.c:584:6:Error_Handler	4	static,ignoring_inline_asm
