../Core/Src/main.c:131:5:main	24	static
../Core/Src/main.c:237:6:SystemClock_Config	88	static
../Core/Src/main.c:284:13:MX_USART2_UART_Init	8	static
../Core/Src/main.c:317:13:MX_GPIO_Init	48	static
../Core/Src/main.c:365:9:STM32_AES_XTS_Encrypt	568	static
../Core/Src/main.c:419:9:STM32_AES_XTS_Decrypt	568	static
../Core/Src/main.c:460:12:Buffercmp	24	static
../Core/Src/main.c:481:13:Led_Config	16	static
../Core/Src/main.c:499:13:Led_Toggle	24	static
../Core/Src/main.c:514:6:Error_Handler	8	static,ignoring_inline_asm
