17:51:32 **** Incremental Build of configuration Debug for project HW 3 ****
make -j16 all 
arm-none-eabi-gcc "../Core/Src/main.c" -mcpu=cortex-m4 -std=gnu11 -g3 -DDEBUG -DUSE_HAL_DRIVER -DSTM32F411xE -c -I../Core/Inc -I../Drivers/STM32F4xx_HAL_Driver/Inc -I../Drivers/STM32F4xx_HAL_Driver/Inc/Legacy -I../Drivers/CMSIS/Device/ST/STM32F4xx/Include -I../Drivers/CMSIS/Include -O0 -ffunction-sections -fdata-sections -Wall -fstack-usage -fcyclomatic-complexity -MMD -MP -MF"Core/Src/main.d" -MT"Core/Src/main.o" --specs=nano.specs -mfpu=fpv4-sp-d16 -mfloat-abi=hard -mthumb -o "Core/Src/main.o"
../Core/Src/main.c: In function 'PrintConfig':
../Core/Src/main.c:204:37: warning: format '%lu' expects argument of type 'long unsigned int', but argument 3 has type 'unsigned int' [-Wformat=]
  204 |     sprintf(buf, "\r\nTotal size: %lu bytes\r\n", sizeof(Config_t));
      |                                   ~~^             ~~~~~~~~~~~~~~~~
      |                                     |             |
      |                                     |             unsigned int
      |                                     long unsigned int
      |                                   %u
../Core/Src/main.c: In function 'main':
../Core/Src/main.c:411:33: warning: format '%lX' expects argument of type 'long unsigned int', but argument 3 has type 'int' [-Wformat=]
  411 |   sprintf(buf, "Sector 7: 0x%08lX (128 KB)\r\n", FLASH_USER_START_ADDR);
      |                             ~~~~^
      |                                 |
      |                                 long unsigned int
      |                             %08X
../Core/Src/main.c:413:32: warning: format '%lu' expects argument of type 'long unsigned int', but argument 3 has type 'unsigned int' [-Wformat=]
  413 |   sprintf(buf, "Config size: %lu bytes\r\n", sizeof(Config_t));
      |                              ~~^             ~~~~~~~~~~~~~~~~
      |                                |             |
      |                                |             unsigned int
      |                                long unsigned int
      |                              %u
arm-none-eabi-gcc -o "HW 3.elf" @"objects.list"   -mcpu=cortex-m4 -T"/mnt/DATA-1/0Dev/MC-Dev/0-LESSONS/01/src/work4dak/stm32/HW 3/STM32F411RETX_FLASH.ld" --specs=nosys.specs -Wl,-Map="HW 3.map" -Wl,--gc-sections -static --specs=nano.specs -mfpu=fpv4-sp-d16 -mfloat-abi=hard -mthumb -Wl,--start-group -lc -lm -Wl,--end-group
Finished building target: HW 3.elf
 
arm-none-eabi-size  HW\ 3.elf 
arm-none-eabi-objdump -h -S HW\ 3.elf  > "HW 3.list"
   text	   data	    bss	    dec	    hex	filename
  16916	     92	   3284	  20292	   4f44	HW 3.elf
Finished building: default.size.stdout
 
Finished building: HW 3.list
 

17:51:32 Build Finished. 0 errors, 3 warnings. (took 374ms)

